[INFO] Scanning for projects...
[INFO] 
[INFO] ------------------------< com.example:Messing >-------------------------
[INFO] Building Messing 0.0.1-SNAPSHOT
[INFO]   from pom.xml
[INFO] --------------------------------[ jar ]---------------------------------
[INFO] 
[INFO] --- graphqlcodegen:1.61.5:generate (dgs-codegen) @ Messing ---
[INFO] expanded schema paths: []
[INFO] changed schema files: []
[INFO] no files to generate
[INFO] 
[INFO] --- build-helper:3.6.1:add-source (add-dgs-source) @ Messing ---
[INFO] Source directory: C:\Users\quanp\Downloads\Messing\target\generated-sources added.
[INFO] 
[INFO] --- resources:3.3.1:resources (default-resources) @ Messing ---
[INFO] Copying 1 resource from src\main\resources to target\classes
[INFO] ------------------------------------------------------------------------
[INFO] BUILD FAILURE
[INFO] ------------------------------------------------------------------------
[INFO] Total time:  2.279 s
[INFO] Finished at: 2026-03-25T09:21:50+07:00
[INFO] ------------------------------------------------------------------------
[ERROR] Failed to execute goal org.apache.maven.plugins:maven-resources-plugin:3.3.1:resources (default-resources) on project Messing: filtering C:\Users\quanp\Downloads\Messing\src\main\resources\application.properties to C:\Users\quanp\Downloads\Messing\target\classes\application.properties failed with MalformedInputException: Input length = 1 -> [Help 1]
[ERROR] 
[ERROR] To see the full stack trace of the errors, re-run Maven with the -e switch.
[ERROR] Re-run Maven using the -X switch to enable full debug logging.
[ERROR] 
[ERROR] For more information about the errors and possible solutions, please read the following articles:
[ERROR] [Help 1] http://cwiki.apache.org/confluence/display/MAVEN/MojoExecutionException
